// Jest Snapshot v1, https://goo.gl/fbAQLP

exports[`EthAfPoolWithBaseToken #createPool gas 1`] = `4915712`;

exports[`EthAfPoolWithBaseToken factory bytecode size 1`] = `4040`;

exports[`EthAfPoolWithBaseToken pool bytecode size 1`] = `23436`;
