// Jest Snapshot v1, https://goo.gl/fbAQLP

exports[`EthAfPool gas tests fee is off #burn above current price burn entire position after some time passes 1`] = `58929`;

exports[`EthAfPool gas tests fee is off #burn above current price burn when only position using ticks 1`] = `58929`;

exports[`EthAfPool gas tests fee is off #burn above current price entire position burn but other positions are using the ticks 1`] = `83191`;

exports[`EthAfPool gas tests fee is off #burn above current price partial position burn 1`] = `98191`;

exports[`EthAfPool gas tests fee is off #burn around current price burn entire position after some time passes 1`] = `69752`;

exports[`EthAfPool gas tests fee is off #burn around current price burn when only position using ticks 1`] = `66534`;

exports[`EthAfPool gas tests fee is off #burn around current price entire position burn but other positions are using the ticks 1`] = `88002`;

exports[`EthAfPool gas tests fee is off #burn around current price partial position burn 1`] = `103002`;

exports[`EthAfPool gas tests fee is off #burn below current price burn entire position after some time passes 1`] = `64840`;

exports[`EthAfPool gas tests fee is off #burn below current price burn when only position using ticks 1`] = `64840`;

exports[`EthAfPool gas tests fee is off #burn below current price entire position burn but other positions are using the ticks 1`] = `83814`;

exports[`EthAfPool gas tests fee is off #burn below current price partial position burn 1`] = `98814`;

exports[`EthAfPool gas tests fee is off #collect close to worst case 1`] = `36080`;

exports[`EthAfPool gas tests fee is off #increaseObservationCardinalityNext grow by 1 slot 1`] = `51184`;

exports[`EthAfPool gas tests fee is off #increaseObservationCardinalityNext no op 1`] = `24763`;

exports[`EthAfPool gas tests fee is off #mint above current price add to position after some time passes 1`] = `109624`;

exports[`EthAfPool gas tests fee is off #mint above current price add to position existing 1`] = `109624`;

exports[`EthAfPool gas tests fee is off #mint above current price new position mint first in range 1`] = `228322`;

exports[`EthAfPool gas tests fee is off #mint above current price second position in same range 1`] = `126724`;

exports[`EthAfPool gas tests fee is off #mint around current price add to position after some time passes 1`] = `148651`;

exports[`EthAfPool gas tests fee is off #mint around current price add to position existing 1`] = `139415`;

exports[`EthAfPool gas tests fee is off #mint around current price new position mint first in range 1`] = `329832`;

exports[`EthAfPool gas tests fee is off #mint around current price second position in same range 1`] = `156515`;

exports[`EthAfPool gas tests fee is off #mint below current price add to position after some time passes 1`] = `110772`;

exports[`EthAfPool gas tests fee is off #mint below current price add to position existing 1`] = `110772`;

exports[`EthAfPool gas tests fee is off #mint below current price new position mint first in range 1`] = `310636`;

exports[`EthAfPool gas tests fee is off #mint below current price second position in same range 1`] = `127872`;

exports[`EthAfPool gas tests fee is off #poke best case 1`] = `52391`;

exports[`EthAfPool gas tests fee is off #snapshotCumulativesInside tick above 1`] = `30028`;

exports[`EthAfPool gas tests fee is off #snapshotCumulativesInside tick below 1`] = `29990`;

exports[`EthAfPool gas tests fee is off #snapshotCumulativesInside tick inside 1`] = `37450`;

exports[`EthAfPool gas tests fee is off #swapExact0For1 first swap in block moves tick, no initialized crossings 1`] = `118243`;

exports[`EthAfPool gas tests fee is off #swapExact0For1 first swap in block with no tick movement 1`] = `101946`;

exports[`EthAfPool gas tests fee is off #swapExact0For1 first swap in block, large swap crossing a single initialized tick 1`] = `134048`;

exports[`EthAfPool gas tests fee is off #swapExact0For1 first swap in block, large swap crossing several initialized ticks 1`] = `159223`;

exports[`EthAfPool gas tests fee is off #swapExact0For1 first swap in block, large swap, no initialized crossings 1`] = `133626`;

exports[`EthAfPool gas tests fee is off #swapExact0For1 large swap crossing several initialized ticks after some time passes 1`] = `159223`;

exports[`EthAfPool gas tests fee is off #swapExact0For1 large swap crossing several initialized ticks second time after some time passes 1`] = `219223`;

exports[`EthAfPool gas tests fee is off #swapExact0For1 second swap in block moves tick, no initialized crossings 1`] = `118243`;

exports[`EthAfPool gas tests fee is off #swapExact0For1 second swap in block with no tick movement 1`] = `102057`;

exports[`EthAfPool gas tests fee is off #swapExact0For1 second swap in block, large swap crossing a single initialized tick 1`] = `120188`;

exports[`EthAfPool gas tests fee is off #swapExact0For1 second swap in block, large swap crossing several initialized ticks 1`] = `145341`;

exports[`EthAfPool gas tests fee is on #burn above current price burn entire position after some time passes 1`] = `58929`;

exports[`EthAfPool gas tests fee is on #burn above current price burn when only position using ticks 1`] = `58929`;

exports[`EthAfPool gas tests fee is on #burn above current price entire position burn but other positions are using the ticks 1`] = `83191`;

exports[`EthAfPool gas tests fee is on #burn above current price partial position burn 1`] = `98191`;

exports[`EthAfPool gas tests fee is on #burn around current price burn entire position after some time passes 1`] = `69752`;

exports[`EthAfPool gas tests fee is on #burn around current price burn when only position using ticks 1`] = `66534`;

exports[`EthAfPool gas tests fee is on #burn around current price entire position burn but other positions are using the ticks 1`] = `88002`;

exports[`EthAfPool gas tests fee is on #burn around current price partial position burn 1`] = `103002`;

exports[`EthAfPool gas tests fee is on #burn below current price burn entire position after some time passes 1`] = `64840`;

exports[`EthAfPool gas tests fee is on #burn below current price burn when only position using ticks 1`] = `64840`;

exports[`EthAfPool gas tests fee is on #burn below current price entire position burn but other positions are using the ticks 1`] = `83814`;

exports[`EthAfPool gas tests fee is on #burn below current price partial position burn 1`] = `98814`;

exports[`EthAfPool gas tests fee is on #collect close to worst case 1`] = `36080`;

exports[`EthAfPool gas tests fee is on #increaseObservationCardinalityNext grow by 1 slot 1`] = `51184`;

exports[`EthAfPool gas tests fee is on #increaseObservationCardinalityNext no op 1`] = `24763`;

exports[`EthAfPool gas tests fee is on #mint above current price add to position after some time passes 1`] = `109624`;

exports[`EthAfPool gas tests fee is on #mint above current price add to position existing 1`] = `109624`;

exports[`EthAfPool gas tests fee is on #mint above current price new position mint first in range 1`] = `228322`;

exports[`EthAfPool gas tests fee is on #mint above current price second position in same range 1`] = `126724`;

exports[`EthAfPool gas tests fee is on #mint around current price add to position after some time passes 1`] = `148651`;

exports[`EthAfPool gas tests fee is on #mint around current price add to position existing 1`] = `139415`;

exports[`EthAfPool gas tests fee is on #mint around current price new position mint first in range 1`] = `329832`;

exports[`EthAfPool gas tests fee is on #mint around current price second position in same range 1`] = `156515`;

exports[`EthAfPool gas tests fee is on #mint below current price add to position after some time passes 1`] = `110772`;

exports[`EthAfPool gas tests fee is on #mint below current price add to position existing 1`] = `110772`;

exports[`EthAfPool gas tests fee is on #mint below current price new position mint first in range 1`] = `310636`;

exports[`EthAfPool gas tests fee is on #mint below current price second position in same range 1`] = `127872`;

exports[`EthAfPool gas tests fee is on #poke best case 1`] = `52391`;

exports[`EthAfPool gas tests fee is on #snapshotCumulativesInside tick above 1`] = `30028`;

exports[`EthAfPool gas tests fee is on #snapshotCumulativesInside tick below 1`] = `29990`;

exports[`EthAfPool gas tests fee is on #snapshotCumulativesInside tick inside 1`] = `37450`;

exports[`EthAfPool gas tests fee is on #swapExact0For1 first swap in block moves tick, no initialized crossings 1`] = `123630`;

exports[`EthAfPool gas tests fee is on #swapExact0For1 first swap in block with no tick movement 1`] = `107186`;

exports[`EthAfPool gas tests fee is on #swapExact0For1 first swap in block, large swap crossing a single initialized tick 1`] = `139582`;

exports[`EthAfPool gas tests fee is on #swapExact0For1 first swap in block, large swap crossing several initialized ticks 1`] = `165198`;

exports[`EthAfPool gas tests fee is on #swapExact0For1 first swap in block, large swap, no initialized crossings 1`] = `139307`;

exports[`EthAfPool gas tests fee is on #swapExact0For1 large swap crossing several initialized ticks after some time passes 1`] = `165198`;

exports[`EthAfPool gas tests fee is on #swapExact0For1 large swap crossing several initialized ticks second time after some time passes 1`] = `225198`;

exports[`EthAfPool gas tests fee is on #swapExact0For1 second swap in block moves tick, no initialized crossings 1`] = `123630`;

exports[`EthAfPool gas tests fee is on #swapExact0For1 second swap in block with no tick movement 1`] = `107297`;

exports[`EthAfPool gas tests fee is on #swapExact0For1 second swap in block, large swap crossing a single initialized tick 1`] = `125575`;

exports[`EthAfPool gas tests fee is on #swapExact0For1 second swap in block, large swap crossing several initialized ticks 1`] = `151169`;
